backup/legacy-gc/GC dashboard/AccountSettings.tsx(75,44): error TS2339: Property 'uploadImage' does not exist on type '{ uploadFile: (file: File) => Promise<UploadResponse>; }'.
backup/legacy-gc/GC dashboard/MyProjects.tsx(350,70): error TS2322: Type 'string | number' is not assignable to type 'number'.
  Type 'string' is not assignable to type 'number'.
backup/legacy-gc/GC dashboard/MyProjects.tsx(426,71): error TS2345: Argument of type '(string | number)[]' is not assignable to parameter of type 'number[]'.
  Type 'string | number' is not assignable to type 'number'.
    Type 'string' is not assignable to type 'number'.
backup/legacy-gc/GCDashboard_Old.tsx(3,21): error TS2307: Cannot find module '@/components/GC dashboard/Sidebar' or its corresponding type declarations.
backup/legacy-gc/GCDashboard_Old.tsx(4,20): error TS2307: Cannot find module '@/components/GC dashboard/Header' or its corresponding type declarations.
backup/legacy-gc/GCDashboard_Old.tsx(8,41): error TS2307: Cannot find module '@/components/GC dashboard/CleanOverview' or its corresponding type declarations.
backup/legacy-gc/GCDashboard_Old.tsx(10,37): error TS2307: Cannot find module '@/components/GC dashboard/Directory' or its corresponding type declarations.
backup/legacy-gc/GCDashboard_Old.tsx(11,38): error TS2307: Cannot find module '@/components/GC dashboard/MyProjects' or its corresponding type declarations.
backup/legacy-gc/GCDashboard_Old.tsx(14,44): error TS2307: Cannot find module '@/components/GC dashboard/ProjectDiscovery' or its corresponding type declarations.
backup/legacy-gc/GCDashboard_Old.tsx(17,41): error TS2307: Cannot find module '@/components/GC dashboard/BidManagement' or its corresponding type declarations.
backup/legacy-gc/GCDashboard_Old.tsx(18,37): error TS2307: Cannot find module '@/components/GC dashboard/Suppliers' or its corresponding type declarations.
src/api/api.ts(40,14): error TS18048: 'config.baseURL' is possibly 'undefined'.
src/api/api.ts(40,31): error TS18048: 'config.url' is possibly 'undefined'.
src/components/GC dashboard/AccountSettings.tsx(75,44): error TS2339: Property 'uploadImage' does not exist on type '{ uploadFile: (file: File) => Promise<UploadResponse>; }'.
src/components/GC dashboard/project/budget/PayApplicationsList.tsx(13,8): error TS2307: Cannot find module '@/components/ui/table' or its corresponding type declarations.
src/components/GC dashboard/project/budget/RetainageReleaseDialog.tsx(23,8): error TS2307: Cannot find module '@/components/ui/table' or its corresponding type declarations.
src/components/GC dashboard/project/budget/ScheduleOfValues.tsx(12,8): error TS2307: Cannot find module '@/components/ui/table' or its corresponding type declarations.
src/components/GC dashboard/project/CreateRFIDialog.tsx(74,7): error TS2322: Type 'string | null | undefined' is not assignable to type 'string | undefined'.
  Type 'null' is not assignable to type 'string | undefined'.
src/components/GC dashboard/project/InviteTeamMemberDialog.tsx(19,8): error TS2307: Cannot find module '@/components/ui/form' or its corresponding type declarations.
src/components/GC dashboard/project/plans/PinFilters.tsx(10,46): error TS2307: Cannot find module '@/components/ui/toggle-group' or its corresponding type declarations.
src/components/GC dashboard/project/plans/PinListView.tsx(12,8): error TS2307: Cannot find module '@/components/ui/table' or its corresponding type declarations.
src/components/GC dashboard/project/ProjectDocumentsTab.tsx(20,8): error TS2307: Cannot find module '@/components/ui/table' or its corresponding type declarations.
src/components/GC dashboard/project/ProjectPlansTab.tsx(8,8): error TS2307: Cannot find module '@/components/ui/resizable' or its corresponding type declarations.
src/components/GC dashboard/project/ProjectSignaturesTab.tsx(15,8): error TS2307: Cannot find module '@/components/ui/table' or its corresponding type declarations.
src/components/GC dashboard/project/RFIDetailDialog.tsx(17,8): error TS2307: Cannot find module '@/components/ui/form' or its corresponding type declarations.
src/components/GC dashboard/project/signatures/RequestSignatureDialog.tsx(24,8): error TS2307: Cannot find module '@/components/ui/command' or its corresponding type declarations.
src/components/GC dashboard/project/signatures/SignatureAuditLog.tsx(199,31): error TS2322: Type 'unknown' is not assignable to type 'ReactNode'.
src/components/GC dashboard/project/signatures/SignatureAuditLog.tsx(204,31): error TS2322: Type 'unknown' is not assignable to type 'ReactNode'.
src/components/GC dashboard/project/signatures/SignatureContactsManager.tsx(13,8): error TS2307: Cannot find module '@/components/ui/table' or its corresponding type declarations.
src/components/GC dashboard/projects/budget/PayApplicationsList.tsx(13,8): error TS2307: Cannot find module '@/components/ui/table' or its corresponding type declarations.
src/components/GC dashboard/projects/budget/RetainageReleaseDialog.tsx(26,8): error TS2307: Cannot find module '@/components/ui/table' or its corresponding type declarations.
src/components/GC dashboard/projects/budget/ScheduleOfValues.tsx(12,8): error TS2307: Cannot find module '@/components/ui/table' or its corresponding type declarations.
src/components/GC dashboard/projects/CreateRFIDialog.tsx(74,7): error TS2322: Type 'string | null | undefined' is not assignable to type 'string | undefined'.
  Type 'null' is not assignable to type 'string | undefined'.
src/components/GC dashboard/projects/InviteTeamMemberDialog.tsx(19,8): error TS2307: Cannot find module '@/components/ui/form' or its corresponding type declarations.
src/components/GC dashboard/projects/plans/PinFilters.tsx(10,46): error TS2307: Cannot find module '@/components/ui/toggle-group' or its corresponding type declarations.
src/components/GC dashboard/projects/plans/PinListView.tsx(12,8): error TS2307: Cannot find module '@/components/ui/table' or its corresponding type declarations.
src/components/GC dashboard/projects/ProjectDocumentsTab.tsx(20,8): error TS2307: Cannot find module '@/components/ui/table' or its corresponding type declarations.
src/components/GC dashboard/projects/ProjectPlansTab.tsx(8,8): error TS2307: Cannot find module '@/components/ui/resizable' or its corresponding type declarations.
src/components/GC dashboard/projects/ProjectSignaturesTab.tsx(15,8): error TS2307: Cannot find module '@/components/ui/table' or its corresponding type declarations.
src/components/GC dashboard/projects/RFIDetailDialog.tsx(17,8): error TS2307: Cannot find module '@/components/ui/form' or its corresponding type declarations.
src/components/GC dashboard/projects/signatures/RequestSignatureDialog.tsx(24,8): error TS2307: Cannot find module '@/components/ui/command' or its corresponding type declarations.
src/components/GC dashboard/projects/signatures/SignatureAuditLog.tsx(199,31): error TS2322: Type 'unknown' is not assignable to type 'ReactNode'.
src/components/GC dashboard/projects/signatures/SignatureAuditLog.tsx(204,31): error TS2322: Type 'unknown' is not assignable to type 'ReactNode'.
src/components/GC dashboard/projects/signatures/SignatureContactsManager.tsx(13,8): error TS2307: Cannot find module '@/components/ui/table' or its corresponding type declarations.
src/components/GC dashboard/schedule/AddMilestoneDialog.tsx(19,8): error TS2307: Cannot find module '@/components/ui/form' or its corresponding type declarations.
src/components/GC dashboard/schedule/MilestoneDetailDialog.tsx(28,8): error TS2307: Cannot find module '@/components/ui/form' or its corresponding type declarations.
src/components/GC dashboard/schedule/settings/UploadLogoDialog.tsx(81,19): error TS2345: Argument of type 'string | undefined' is not assignable to parameter of type 'string'.
  Type 'undefined' is not assignable to type 'string'.
src/components/GC dashboard/schedule/settings/UploadLogoDialog.tsx(112,19): error TS2345: Argument of type 'string | undefined' is not assignable to parameter of type 'string'.
  Type 'undefined' is not assignable to type 'string'.
src/components/GC dashboard/settings/UploadLogoDialog.tsx(81,19): error TS2345: Argument of type 'string | undefined' is not assignable to parameter of type 'string'.
  Type 'undefined' is not assignable to type 'string'.
src/components/GC dashboard/settings/UploadLogoDialog.tsx(112,19): error TS2345: Argument of type 'string | undefined' is not assignable to parameter of type 'string'.
  Type 'undefined' is not assignable to type 'string'.
src/components/GC dashboard/ui/toggle-group.tsx(6,32): error TS2307: Cannot find module '@/components/ui/toggle' or its corresponding type declarations.
src/components/GC dashboard/ui/toggle-group.tsx(17,4): error TS2322: Type '{ children: Element; ref: ForwardedRef<HTMLDivElement>; className: string; } | { children: Element; ref: ForwardedRef<HTMLDivElement>; className: string; }' is not assignable to type 'IntrinsicAttributes & ((ToggleGroupSingleProps | ToggleGroupMultipleProps) & RefAttributes<HTMLDivElement>)'.
  Type '{ children: Element; ref: ForwardedRef<HTMLDivElement>; className: string; }' is not assignable to type 'IntrinsicAttributes & ((ToggleGroupSingleProps | ToggleGroupMultipleProps) & RefAttributes<HTMLDivElement>)'.
    Property 'type' is missing in type '{ children: Element; ref: ForwardedRef<HTMLDivElement>; className: string; }' but required in type 'ToggleGroupMultipleProps'.
src/components/GC dashboard/ui/toggle-group.tsx(31,6): error TS2741: Property 'value' is missing in type '{ children: any; ref: ForwardedRef<HTMLButtonElement>; className: string; }' but required in type 'Omit<ToggleGroupItemImplProps, "pressed">'.
src/components/GCProfileCompletionModal.tsx(79,50): error TS2339: Property 'uploadImage' does not exist on type '{ uploadFile: (file: File) => Promise<UploadResponse>; }'.
src/components/PartnersSection.tsx(376,20): error TS2345: Argument of type '{ name: string; icon: React.ForwardRefExoticComponent<Omit<LucideProps, "ref"> & React.RefAttributes<SVGSVGElement>>; color: string; bgColor: string; image: string; }' is not assignable to parameter of type 'never'.
src/components/projects/ProjectFilters.tsx(593,19): error TS2304: Cannot find name 'setSearchQuery'.
src/components/projects/ProjectFilters.tsx(594,19): error TS2304: Cannot find name 'setFilters'.
src/components/SolutionsSection.tsx(56,29): error TS2339: Property 'scrollWidth' does not exist on type 'never'.
src/components/SolutionsSection.tsx(56,61): error TS2339: Property 'clientWidth' does not exist on type 'never'.
src/components/SolutionsSection.tsx(66,57): error TS2339: Property 'scrollLeft' does not exist on type 'never'.
src/components/SolutionsSection.tsx(72,29): error TS2339: Property 'clientWidth' does not exist on type 'never'.
src/components/SolutionsSection.tsx(74,15): error TS2339: Property 'scrollBy' does not exist on type 'never'.
src/components/ui/gc/toggle-group.tsx(6,32): error TS2307: Cannot find module '@/components/ui/toggle' or its corresponding type declarations.
src/components/ui/gc/toggle-group.tsx(17,4): error TS2322: Type '{ children: Element; ref: ForwardedRef<HTMLDivElement>; className: string; } | { children: Element; ref: ForwardedRef<HTMLDivElement>; className: string; }' is not assignable to type 'IntrinsicAttributes & ((ToggleGroupSingleProps | ToggleGroupMultipleProps) & RefAttributes<HTMLDivElement>)'.
  Type '{ children: Element; ref: ForwardedRef<HTMLDivElement>; className: string; }' is not assignable to type 'IntrinsicAttributes & ((ToggleGroupSingleProps | ToggleGroupMultipleProps) & RefAttributes<HTMLDivElement>)'.
    Property 'type' is missing in type '{ children: Element; ref: ForwardedRef<HTMLDivElement>; className: string; }' but required in type 'ToggleGroupMultipleProps'.
src/components/ui/gc/toggle-group.tsx(31,6): error TS2741: Property 'value' is missing in type '{ children: any; ref: ForwardedRef<HTMLButtonElement>; className: string; }' but required in type 'Omit<ToggleGroupItemImplProps, "pressed">'.
src/data/GC dashboard/mockData.ts(1,54): error TS2307: Cannot find module '@/types/project' or its corresponding type declarations.
src/pages/Contractors.tsx(356,55): error TS2339: Property 'totalItems' does not exist on type 'never'.
src/pages/Contractors.tsx(357,44): error TS2339: Property 'totalItems' does not exist on type 'never'.
src/pages/Contractors.tsx(1028,40): error TS2345: Argument of type 'number' is not assignable to parameter of type 'never'.
src/pages/GC dashboard/BillingPage.tsx(22,8): error TS2307: Cannot find module '@/components/ui/table' or its corresponding type declarations.
src/pages/GC dashboard/CertifiedPayrollPage.tsx(44,8): error TS2307: Cannot find module '@/components/ui/table' or its corresponding type declarations.
src/pages/GC dashboard/ChangeOrdersPage.tsx(22,8): error TS2307: Cannot find module '@/components/ui/table' or its corresponding type declarations.
src/pages/GC dashboard/CompleteProfilePage.tsx(36,17): error TS2345: Argument of type 'string | undefined' is not assignable to parameter of type 'string'.
  Type 'undefined' is not assignable to type 'string'.
src/pages/GC dashboard/ExternalSigningPage.tsx(61,9): error TS2322: Type 'null' is not assignable to type 'string | Record<string, any> | File | Blob | FormData | ArrayBuffer | ReadableStream<Uint8Array<ArrayBufferLike>> | undefined'.
src/pages/GC dashboard/InsuranceTrackingPage.tsx(41,8): error TS2307: Cannot find module '@/components/ui/table' or its corresponding type declarations.
src/pages/GC dashboard/LienWaiverManagementPage.tsx(40,8): error TS2307: Cannot find module '@/components/ui/table' or its corresponding type declarations.
src/pages/GC dashboard/ResourceManagementPage.tsx(17,8): error TS2307: Cannot find module '@/components/ui/table' or its corresponding type declarations.
src/pages/GC dashboard/RFIManagementPage.tsx(23,8): error TS2307: Cannot find module '@/components/ui/table' or its corresponding type declarations.
src/pages/GC dashboard/SafetyTrackingPage.tsx(45,8): error TS2307: Cannot find module '@/components/ui/table' or its corresponding type declarations.
src/pages/GC dashboard/SignatureHistoryPage.tsx(14,8): error TS2307: Cannot find module '@/components/ui/table' or its corresponding type declarations.
src/pages/Login.tsx(72,32): error TS18046: 'resultAction.payload' is of type 'unknown'.
src/pages/Projects.tsx(758,69): error TS2345: Argument of type '() => { location: string; radius: number; keywords: string; stages: never[]; solicitationStatus: never[]; categories: never[]; sectors: never[]; constructionTypes: never[]; laborRequirements: never[]; documentsOnly: false; ... 10 more ...; specAlerts: false; } | null' is not assignable to parameter of type 'ProjectFilterState | (() => ProjectFilterState | null) | null'.
  Type '() => { location: string; radius: number; keywords: string; stages: never[]; solicitationStatus: never[]; categories: never[]; sectors: never[]; constructionTypes: never[]; laborRequirements: never[]; documentsOnly: false; ... 10 more ...; specAlerts: false; } | null' is not assignable to type '() => ProjectFilterState | null'.
    Type '{ location: string; radius: number; keywords: string; stages: never[]; solicitationStatus: never[]; categories: never[]; sectors: never[]; constructionTypes: never[]; laborRequirements: never[]; documentsOnly: false; ... 10 more ...; specAlerts: false; } | null' is not assignable to type 'ProjectFilterState | null'.
      Type '{ location: string; radius: number; keywords: string; stages: never[]; solicitationStatus: never[]; categories: never[]; sectors: never[]; constructionTypes: never[]; laborRequirements: never[]; documentsOnly: false; ... 10 more ...; specAlerts: false; }' is missing the following properties from type 'ProjectFilterState': trades, valueRanges, minBudget, maxBudget, and 6 more.
src/pages/SubcontractorDashboard.tsx(18,37): error TS2307: Cannot find module '@/components/GC dashboard/Suppliers' or its corresponding type declarations.
src/store/middleware/apiMiddleware.ts(4,64): error TS2322: Type '(action: AnyAction) => unknown' is not assignable to type '(action: unknown) => unknown'.
  Types of parameters 'action' and 'action' are incompatible.
    Type 'unknown' is not assignable to type 'AnyAction'.
src/store/middleware/errorMiddleware.ts(5,65): error TS2322: Type '(action: AnyAction) => unknown' is not assignable to type '(action: unknown) => unknown'.
  Types of parameters 'action' and 'action' are incompatible.
    Type 'unknown' is not assignable to type 'AnyAction'.
